{
    "Single-Read - stub": {
        "content": [
            {
                "0": [
                    
                ],
                "1": [
                    
                ],
                "2": [
                    
                ],
                "3": [
                    
                ],
                "4": [
                    
                ],
                "5": [
                    
                ],
                "out_log": [
                    
                ],
                "summary": [
                    
                ],
                "trim_log": [
                    
                ],
                "trimmed_reads": [
                    
                ],
                "unpaired_reads": [
                    
                ],
                "versions": [
                    
                ]
            }
        ],
        "meta": {
            "nf-test": "0.8.4",
            "nextflow": "23.10.1"
        },
        "timestamp": "2024-04-30T07:30:35.22216789"
    },
    "versions_paired": {
        "content": [
            [
                "versions.yml:md5,14413a048f088a147fb04f3d59c6c604"
            ]
        ],
        "meta": {
            "nf-test": "0.8.4",
            "nextflow": "23.10.1"
        },
        "timestamp": "2024-04-30T07:30:13.601232992"
    },
    "versions_single": {
        "content": [
            [
                "versions.yml:md5,14413a048f088a147fb04f3d59c6c604"
            ]
        ],
        "meta": {
            "nf-test": "0.8.4",
            "nextflow": "23.10.1"
        },
        "timestamp": "2024-04-30T07:29:45.222755134"
    },
    "Single-Read": {
        "content": [
            {
                "0": [
                    [
                        {
                            "id": "test",
                            "single_end": true
                        },
                        "test.SE.paired.trim.fastq.gz:md5,e68abbd3b88f7ec12940a4f5c2b8bfb9"
                    ]
                ],
                "1": [
                    
                ],
                "2": [
                    [
                        {
                            "id": "test",
                            "single_end": true
                        },
                        "test_trim.log:md5,e4c3f619e9b0e26847f8f3e3d9af319b"
                    ]
                ],
                "3": [
                    [
                        {
                            "id": "test",
                            "single_end": true
                        },
                        "test_out.log:md5,21e2277f9f483184e6216a274e1c920f"
                    ]
                ],
                "4": [
                    [
                        {
                            "id": "test",
                            "single_end": true
                        },
                        "test.summary:md5,24c973237557a1439c775ca19a5deaa5"
                    ]
                ],
                "5": [
                    "versions.yml:md5,14413a048f088a147fb04f3d59c6c604"
                ],
                "out_log": [
                    [
                        {
                            "id": "test",
                            "single_end": true
                        },
                        "test_out.log:md5,21e2277f9f483184e6216a274e1c920f"
                    ]
                ],
                "summary": [
                    [
                        {
                            "id": "test",
                            "single_end": true
                        },
                        "test.summary:md5,24c973237557a1439c775ca19a5deaa5"
                    ]
                ],
                "trim_log": [
                    [
                        {
                            "id": "test",
                            "single_end": true
                        },
                        "test_trim.log:md5,e4c3f619e9b0e26847f8f3e3d9af319b"
                    ]
                ],
                "trimmed_reads": [
                    [
                        {
                            "id": "test",
                            "single_end": true
                        },
                        "test.SE.paired.trim.fastq.gz:md5,e68abbd3b88f7ec12940a4f5c2b8bfb9"
                    ]
                ],
                "unpaired_reads": [
                    
                ],
                "versions": [
                    "versions.yml:md5,14413a048f088a147fb04f3d59c6c604"
                ]
            }
        ],
        "meta": {
            "nf-test": "0.8.4",
            "nextflow": "23.10.1"
        },
        "timestamp": "2024-04-30T07:29:45.239767843"
    },
    "Paired-Reads": {
        "content": [
            {
                "0": [
                    [
                        {
                            "id": "test",
                            "single_end": false
                        },
                        [
                            "test.paired.trim_1.fastq.gz:md5,a866e64f451745f176316d0df7d52b30",
                            "test.paired.trim_2.fastq.gz:md5,725d4ab909b39291ab56b090cab32075"
                        ]
                    ]
                ],
                "1": [
                    [
                        {
                            "id": "test",
                            "single_end": false
                        },
                        [
                            "test.unpaired.trim_1.fastq.gz:md5,f22935d14248bd936af8d5e3c27e72b2",
                            "test.unpaired.trim_2.fastq.gz:md5,ce0d8e849e4677a186cd0566b2a6ea15"
                        ]
                    ]
                ],
                "2": [
                    [
                        {
                            "id": "test",
                            "single_end": false
                        },
                        "test_trim.log:md5,9629761761a34576b3484bf4174f681f"
                    ]
                ],
                "3": [
                    [
                        {
                            "id": "test",
                            "single_end": false
                        },
                        "test_out.log:md5,5000c255f766f243b33d50004f0488f3"
                    ]
                ],
                "4": [
                    [
                        {
                            "id": "test",
                            "single_end": false
                        },
                        "test.summary:md5,9698e5e5c060bbe64588998fe35f8d71"
                    ]
                ],
                "5": [
                    "versions.yml:md5,14413a048f088a147fb04f3d59c6c604"
                ],
                "out_log": [
                    [
                        {
                            "id": "test",
                            "single_end": false
                        },
                        "test_out.log:md5,5000c255f766f243b33d50004f0488f3"
                    ]
                ],
                "summary": [
                    [
                        {
                            "id": "test",
                            "single_end": false
                        },
                        "test.summary:md5,9698e5e5c060bbe64588998fe35f8d71"
                    ]
                ],
                "trim_log": [
                    [
                        {
                            "id": "test",
                            "single_end": false
                        },
                        "test_trim.log:md5,9629761761a34576b3484bf4174f681f"
                    ]
                ],
                "trimmed_reads": [
                    [
                        {
                            "id": "test",
                            "single_end": false
                        },
                        [
                            "test.paired.trim_1.fastq.gz:md5,a866e64f451745f176316d0df7d52b30",
                            "test.paired.trim_2.fastq.gz:md5,725d4ab909b39291ab56b090cab32075"
                        ]
                    ]
                ],
                "unpaired_reads": [
                    [
                        {
                            "id": "test",
                            "single_end": false
                        },
                        [
                            "test.unpaired.trim_1.fastq.gz:md5,f22935d14248bd936af8d5e3c27e72b2",
                            "test.unpaired.trim_2.fastq.gz:md5,ce0d8e849e4677a186cd0566b2a6ea15"
                        ]
                    ]
                ],
                "versions": [
                    "versions.yml:md5,14413a048f088a147fb04f3d59c6c604"
                ]
            }
        ],
        "meta": {
            "nf-test": "0.8.4",
            "nextflow": "23.10.1"
        },
        "timestamp": "2024-04-30T07:30:13.575198573"
    }
}